To honour the JVM settings for this build a single-use Daemon process will be forked. For more on this, please refer to https://docs.gradle.org/9.6.1/userguide/gradle_daemon.html#sec:disabling_the_daemon in the Gradle documentation.
Daemon will be stopped at the end of the build 
Reusing configuration cache.
> Task :routing:generateDebugAssets UP-TO-DATE
> Task :meshControl:preBuild UP-TO-DATE
> Task :packetProcessor:preBuild UP-TO-DATE
> Task :transport:preBuild UP-TO-DATE
> Task :transport:generateDebugAssets UP-TO-DATE
> Task :messaging:preBuild UP-TO-DATE
> Task :meshControl:generateDebugAssets UP-TO-DATE
> Task :app:generateDebugAssets UP-TO-DATE
> Task :messaging:generateDebugAssets UP-TO-DATE
> Task :routing:preBuild UP-TO-DATE
> Task :model:generateDebugAssets UP-TO-DATE
> Task :ui:generateDebugAssets UP-TO-DATE
> Task :ui:preBuild UP-TO-DATE
> Task :app:preBuild UP-TO-DATE
> Task :model:preBuild UP-TO-DATE
> Task :packetProcessor:generateDebugAssets UP-TO-DATE
> Task :packetProcessor:preDebugBuild UP-TO-DATE
> Task :transport:preDebugBuild UP-TO-DATE
> Task :app:preDebugBuild UP-TO-DATE
> Task :routing:preDebugBuild UP-TO-DATE
> Task :meshControl:preReleaseBuild UP-TO-DATE
> Task :ui:preDebugBuild UP-TO-DATE
> Task :meshControl:preDebugBuild UP-TO-DATE
> Task :model:preDebugBuild UP-TO-DATE
> Task :messaging:preDebugBuild UP-TO-DATE
> Task :app:mergeDebugNativeDebugMetadata NO-SOURCE
> Task :transport:processDebugNavigationResources UP-TO-DATE
> Task :routing:processDebugNavigationResources UP-TO-DATE
> Task :model:processDebugNavigationResources UP-TO-DATE
> Task :packetProcessor:processDebugNavigationResources UP-TO-DATE
> Task :model:javaPreCompileDebug UP-TO-DATE
> Task :model:generateDebugResources UP-TO-DATE
> Task :app:generateDebugResources UP-TO-DATE
> Task :packetProcessor:generateDebugResources UP-TO-DATE
> Task :transport:generateDebugResources UP-TO-DATE
> Task :routing:generateDebugResources UP-TO-DATE
> Task :meshControl:processDebugNavigationResources UP-TO-DATE
> Task :packetProcessor:javaPreCompileDebug UP-TO-DATE
> Task :meshControl:generateDebugResources UP-TO-DATE
> Task :transport:javaPreCompileDebug UP-TO-DATE
> Task :messaging:processDebugNavigationResources UP-TO-DATE
> Task :ui:processDebugNavigationResources UP-TO-DATE
> Task :messaging:javaPreCompileDebug UP-TO-DATE
> Task :ui:javaPreCompileDebug UP-TO-DATE
> Task :routing:javaPreCompileDebug UP-TO-DATE
> Task :ui:generateDebugResources UP-TO-DATE
> Task :meshControl:javaPreCompileDebug UP-TO-DATE
> Task :app:javaPreCompileDebug UP-TO-DATE
> Task :messaging:generateDebugResources UP-TO-DATE
> Task :transport:mergeDebugAssets UP-TO-DATE
> Task :ui:mergeDebugAssets UP-TO-DATE
> Task :messaging:mergeDebugAssets UP-TO-DATE
> Task :routing:mergeDebugAssets UP-TO-DATE
> Task :model:mergeDebugAssets UP-TO-DATE
> Task :meshControl:mergeDebugAssets UP-TO-DATE
> Task :packetProcessor:mergeDebugAssets UP-TO-DATE
> Task :app:generateDebugGlobalSynthetics UP-TO-DATE
> Task :messaging:writeDebugAarMetadata UP-TO-DATE
> Task :model:writeDebugAarMetadata UP-TO-DATE
> Task :meshControl:writeDebugAarMetadata UP-TO-DATE
> Task :app:desugarDebugFileDependencies UP-TO-DATE
> Task :ui:packageDebugResources UP-TO-DATE
> Task :routing:packageDebugResources UP-TO-DATE
> Task :packetProcessor:writeDebugAarMetadata UP-TO-DATE
> Task :routing:writeDebugAarMetadata UP-TO-DATE
> Task :transport:packageDebugResources UP-TO-DATE
> Task :model:packageDebugResources UP-TO-DATE
> Task :packetProcessor:packageDebugResources UP-TO-DATE
> Task :meshControl:packageDebugResources UP-TO-DATE
> Task :app:packageDebugResources UP-TO-DATE
> Task :messaging:packageDebugResources UP-TO-DATE
> Task :ui:writeDebugAarMetadata UP-TO-DATE
> Task :app:mapDebugSourceSetPaths UP-TO-DATE
> Task :transport:writeDebugAarMetadata UP-TO-DATE
> Task :meshControl:extractDeepLinksDebug UP-TO-DATE
> Task :app:extractDeepLinksDebug UP-TO-DATE
> Task :messaging:extractDeepLinksDebug UP-TO-DATE
> Task :app:createDebugCompatibleScreenManifests UP-TO-DATE
> Task :model:extractDeepLinksDebug UP-TO-DATE
> Task :messaging:processDebugManifest UP-TO-DATE
> Task :meshControl:processDebugManifest UP-TO-DATE
> Task :model:processDebugManifest UP-TO-DATE
> Task :routing:extractDeepLinksDebug UP-TO-DATE
> Task :packetProcessor:extractDeepLinksDebug UP-TO-DATE
> Task :transport:extractDeepLinksDebug UP-TO-DATE
> Task :model:parseDebugLocalResources UP-TO-DATE
> Task :meshControl:parseDebugLocalResources UP-TO-DATE
> Task :messaging:parseDebugLocalResources UP-TO-DATE
> Task :packetProcessor:parseDebugLocalResources UP-TO-DATE
> Task :packetProcessor:processDebugManifest UP-TO-DATE
> Task :ui:parseDebugLocalResources UP-TO-DATE
> Task :routing:parseDebugLocalResources UP-TO-DATE
> Task :transport:parseDebugLocalResources UP-TO-DATE
> Task :transport:processDebugManifest UP-TO-DATE
> Task :routing:processDebugManifest UP-TO-DATE
> Task :ui:extractDeepLinksDebug UP-TO-DATE
> Task :ui:generateDebugRFile UP-TO-DATE
> Task :routing:generateDebugRFile UP-TO-DATE
> Task :model:generateDebugRFile UP-TO-DATE
> Task :ui:processDebugManifest UP-TO-DATE
> Task :transport:generateDebugRFile UP-TO-DATE
> Task :meshControl:mapDebugSourceSetPaths UP-TO-DATE
> Task :model:mapDebugSourceSetPaths UP-TO-DATE
> Task :transport:mapDebugSourceSetPaths UP-TO-DATE
> Task :messaging:mapDebugSourceSetPaths UP-TO-DATE
> Task :routing:mapDebugSourceSetPaths UP-TO-DATE
> Task :packetProcessor:mapDebugSourceSetPaths UP-TO-DATE
> Task :meshControl:generateDebugRFile UP-TO-DATE
> Task :messaging:generateDebugRFile UP-TO-DATE
> Task :packetProcessor:generateDebugRFile UP-TO-DATE
> Task :meshControl:compileDebugLibraryResources UP-TO-DATE
> Task :messaging:compileDebugLibraryResources UP-TO-DATE
> Task :routing:compileDebugLibraryResources UP-TO-DATE
> Task :model:compileDebugLibraryResources UP-TO-DATE
> Task :packetProcessor:compileDebugLibraryResources UP-TO-DATE
> Task :transport:compileDebugLibraryResources UP-TO-DATE
> Task :model:mergeDebugJniLibFolders UP-TO-DATE
> Task :ui:mapDebugSourceSetPaths UP-TO-DATE
> Task :messaging:mergeDebugJniLibFolders UP-TO-DATE
> Task :meshControl:mergeDebugJniLibFolders UP-TO-DATE
> Task :routing:mergeDebugJniLibFolders UP-TO-DATE
> Task :app:mergeDebugJniLibFolders UP-TO-DATE
> Task :ui:mergeDebugJniLibFolders UP-TO-DATE
> Task :transport:mergeDebugJniLibFolders UP-TO-DATE
> Task :packetProcessor:mergeDebugJniLibFolders UP-TO-DATE
> Task :app:validateSigningDebug UP-TO-DATE
> Task :ui:compileDebugLibraryResources UP-TO-DATE
> Task :app:writeDebugAppMetadata UP-TO-DATE
> Task :messaging:mergeDebugNativeLibs NO-SOURCE
> Task :app:writeDebugSigningConfigVersions UP-TO-DATE
> Task :app:preReleaseBuild UP-TO-DATE
> Task :transport:mergeDebugNativeLibs NO-SOURCE
> Task :model:mergeDebugNativeLibs NO-SOURCE
> Task :ui:mergeDebugNativeLibs NO-SOURCE
> Task :meshControl:mergeDebugNativeLibs NO-SOURCE
> Task :routing:mergeDebugNativeLibs NO-SOURCE
> Task :packetProcessor:mergeDebugNativeLibs NO-SOURCE
> Task :messaging:copyDebugJniLibsProjectOnly UP-TO-DATE
> Task :ui:copyDebugJniLibsProjectOnly UP-TO-DATE
> Task :app:mergeReleaseJniLibFolders UP-TO-DATE
> Task :transport:copyDebugJniLibsProjectOnly UP-TO-DATE
> Task :model:copyDebugJniLibsProjectOnly UP-TO-DATE
> Task :routing:copyDebugJniLibsProjectOnly UP-TO-DATE
> Task :meshControl:copyDebugJniLibsProjectOnly UP-TO-DATE
> Task :meshControl:mergeReleaseJniLibFolders UP-TO-DATE
> Task :messaging:preReleaseBuild UP-TO-DATE
> Task :packetProcessor:preReleaseBuild UP-TO-DATE
> Task :model:preReleaseBuild UP-TO-DATE
> Task :routing:preReleaseBuild UP-TO-DATE
> Task :transport:preReleaseBuild UP-TO-DATE
> Task :ui:preReleaseBuild UP-TO-DATE
> Task :packetProcessor:copyDebugJniLibsProjectOnly UP-TO-DATE
> Task :messaging:mergeReleaseJniLibFolders UP-TO-DATE
> Task :model:mergeReleaseJniLibFolders UP-TO-DATE
> Task :transport:mergeReleaseJniLibFolders UP-TO-DATE
> Task :meshControl:mergeReleaseNativeLibs NO-SOURCE
> Task :routing:mergeReleaseJniLibFolders UP-TO-DATE
> Task :packetProcessor:mergeReleaseJniLibFolders UP-TO-DATE
> Task :model:generateReleaseResources UP-TO-DATE
> Task :messaging:mergeReleaseNativeLibs NO-SOURCE
> Task :ui:mergeReleaseJniLibFolders UP-TO-DATE
> Task :model:mergeReleaseNativeLibs NO-SOURCE
> Task :transport:mergeReleaseNativeLibs NO-SOURCE
> Task :packetProcessor:mergeReleaseNativeLibs NO-SOURCE
> Task :meshControl:copyReleaseJniLibsProjectOnly UP-TO-DATE
> Task :messaging:copyReleaseJniLibsProjectOnly UP-TO-DATE
> Task :routing:mergeReleaseNativeLibs NO-SOURCE
> Task :model:copyReleaseJniLibsProjectOnly UP-TO-DATE
> Task :ui:mergeReleaseNativeLibs NO-SOURCE
> Task :transport:copyReleaseJniLibsProjectOnly UP-TO-DATE
> Task :model:processReleaseNavigationResources UP-TO-DATE
> Task :packetProcessor:processReleaseNavigationResources UP-TO-DATE
> Task :model:javaPreCompileRelease UP-TO-DATE
> Task :routing:copyReleaseJniLibsProjectOnly UP-TO-DATE
> Task :model:packageReleaseResources UP-TO-DATE
> Task :packetProcessor:copyReleaseJniLibsProjectOnly UP-TO-DATE
> Task :ui:copyReleaseJniLibsProjectOnly UP-TO-DATE
> Task :transport:processReleaseNavigationResources UP-TO-DATE
> Task :transport:generateReleaseResources UP-TO-DATE
> Task :transport:javaPreCompileRelease UP-TO-DATE
> Task :packetProcessor:generateReleaseResources UP-TO-DATE
> Task :model:parseReleaseLocalResources UP-TO-DATE
> Task :ui:processReleaseNavigationResources UP-TO-DATE
> Task :packetProcessor:javaPreCompileRelease UP-TO-DATE
> Task :ui:generateReleaseResources UP-TO-DATE
> Task :ui:javaPreCompileRelease UP-TO-DATE
> Task :meshControl:generateReleaseResources UP-TO-DATE
> Task :transport:packageReleaseResources UP-TO-DATE
> Task :meshControl:processReleaseNavigationResources UP-TO-DATE
> Task :model:generateReleaseRFile UP-TO-DATE
> Task :transport:parseReleaseLocalResources UP-TO-DATE
> Task :transport:generateReleaseRFile UP-TO-DATE
> Task :meshControl:packageReleaseResources UP-TO-DATE
> Task :routing:javaPreCompileRelease UP-TO-DATE
> Task :meshControl:parseReleaseLocalResources UP-TO-DATE
> Task :ui:packageReleaseResources UP-TO-DATE
> Task :ui:parseReleaseLocalResources UP-TO-DATE
> Task :meshControl:generateReleaseRFile UP-TO-DATE
> Task :messaging:generateReleaseResources UP-TO-DATE
> Task :ui:generateReleaseRFile UP-TO-DATE
> Task :messaging:processReleaseNavigationResources UP-TO-DATE
> Task :messaging:javaPreCompileRelease UP-TO-DATE
> Task :packetProcessor:packageReleaseResources UP-TO-DATE
> Task :meshControl:javaPreCompileRelease UP-TO-DATE
> Task :app:generateReleaseResources UP-TO-DATE
> Task :packetProcessor:parseReleaseLocalResources UP-TO-DATE
> Task :packetProcessor:generateReleaseRFile UP-TO-DATE
> Task :app:javaPreCompileRelease UP-TO-DATE
> Task :meshControl:prepareReleaseArtProfile UP-TO-DATE
> Task :app:packageReleaseResources UP-TO-DATE
> Task :model:prepareReleaseArtProfile UP-TO-DATE
> Task :packetProcessor:prepareReleaseArtProfile UP-TO-DATE
> Task :routing:prepareReleaseArtProfile UP-TO-DATE
> Task :transport:prepareReleaseArtProfile UP-TO-DATE
> Task :messaging:prepareReleaseArtProfile UP-TO-DATE
> Task :ui:prepareReleaseArtProfile UP-TO-DATE
> Task :meshControl:writeReleaseAarMetadata UP-TO-DATE
> Task :messaging:writeReleaseAarMetadata UP-TO-DATE
> Task :model:writeReleaseAarMetadata UP-TO-DATE
> Task :packetProcessor:writeReleaseAarMetadata UP-TO-DATE
> Task :routing:writeReleaseAarMetadata UP-TO-DATE
> Task :transport:writeReleaseAarMetadata UP-TO-DATE
> Task :ui:writeReleaseAarMetadata UP-TO-DATE
> Task :routing:processReleaseNavigationResources UP-TO-DATE
> Task :routing:generateReleaseResources UP-TO-DATE
> Task :messaging:packageReleaseResources UP-TO-DATE
> Task :messaging:parseReleaseLocalResources UP-TO-DATE
> Task :routing:packageReleaseResources UP-TO-DATE
> Task :routing:parseReleaseLocalResources UP-TO-DATE
> Task :messaging:generateReleaseRFile UP-TO-DATE
> Task :app:mapReleaseSourceSetPaths UP-TO-DATE
> Task :routing:generateReleaseRFile UP-TO-DATE
> Task :app:createReleaseCompatibleScreenManifests UP-TO-DATE
> Task :app:extractDeepLinksRelease UP-TO-DATE
> Task :meshControl:extractDeepLinksRelease UP-TO-DATE
> Task :meshControl:processReleaseManifest UP-TO-DATE
> Task :messaging:extractDeepLinksRelease UP-TO-DATE
> Task :messaging:processReleaseManifest UP-TO-DATE
> Task :model:extractDeepLinksRelease UP-TO-DATE
> Task :model:processReleaseManifest UP-TO-DATE
> Task :packetProcessor:extractDeepLinksRelease UP-TO-DATE
> Task :packetProcessor:processReleaseManifest UP-TO-DATE
> Task :routing:extractDeepLinksRelease UP-TO-DATE
> Task :routing:processReleaseManifest UP-TO-DATE
> Task :transport:extractDeepLinksRelease UP-TO-DATE
> Task :transport:processReleaseManifest UP-TO-DATE
> Task :ui:extractDeepLinksRelease UP-TO-DATE
> Task :ui:processReleaseManifest UP-TO-DATE
> Task :model:compileDebugKotlin UP-TO-DATE
> Task :model:compileReleaseKotlin UP-TO-DATE
> Task :model:processDebugJavaRes UP-TO-DATE
> Task :model:compileReleaseJavaWithJavac NO-SOURCE
> Task :model:compileDebugJavaWithJavac NO-SOURCE
> Task :model:bundleLibCompileToJarRelease UP-TO-DATE
> Task :model:bundleLibCompileToJarDebug UP-TO-DATE
> Task :model:bundleLibRuntimeToDirDebug UP-TO-DATE
> Task :packetProcessor:compileDebugKotlin UP-TO-DATE
> Task :packetProcessor:compileDebugJavaWithJavac NO-SOURCE
> Task :packetProcessor:bundleLibCompileToJarDebug UP-TO-DATE
> Task :app:mergeReleaseArtProfile UP-TO-DATE
> Task :app:mergeDebugAssets UP-TO-DATE
> Task :app:checkReleaseAarMetadata UP-TO-DATE
> Task :app:checkDebugAarMetadata UP-TO-DATE
> Task :app:mergeReleaseResources UP-TO-DATE
> Task :app:compressDebugAssets UP-TO-DATE
> Task :app:processReleaseNavigationResources UP-TO-DATE
> Task :app:processDebugNavigationResources UP-TO-DATE
> Task :meshControl:mapReleaseSourceSetPaths UP-TO-DATE
> Task :messaging:mapReleaseSourceSetPaths UP-TO-DATE
> Task :packetProcessor:processDebugJavaRes UP-TO-DATE
> Task :app:parseReleaseLocalResources UP-TO-DATE
> Task :packetProcessor:bundleLibRuntimeToDirDebug UP-TO-DATE
> Task :app:parseDebugLocalResources UP-TO-DATE
> Task :meshControl:compileReleaseLibraryResources UP-TO-DATE
> Task :app:compileReleaseNavigationResources UP-TO-DATE
> Task :app:compileDebugNavigationResources UP-TO-DATE
> Task :app:generateReleaseRFile UP-TO-DATE
> Task :model:mergeReleaseGeneratedProguardFiles UP-TO-DATE
> Task :messaging:compileReleaseLibraryResources UP-TO-DATE
> Task :routing:mapReleaseSourceSetPaths UP-TO-DATE
> Task :model:mapReleaseSourceSetPaths UP-TO-DATE
> Task :packetProcessor:mapReleaseSourceSetPaths UP-TO-DATE
> Task :app:generateDebugRFile UP-TO-DATE
> Task :app:mergeDebugResources UP-TO-DATE
> Task :ui:mapReleaseSourceSetPaths UP-TO-DATE
> Task :model:exportReleaseConsumerProguardFiles UP-TO-DATE
> Task :routing:compileReleaseLibraryResources UP-TO-DATE
> Task :packetProcessor:compileReleaseLibraryResources UP-TO-DATE
> Task :model:compileReleaseLibraryResources UP-TO-DATE
> Task :app:generateReleaseAssets UP-TO-DATE
> Task :meshControl:generateReleaseAssets UP-TO-DATE
> Task :ui:compileReleaseLibraryResources UP-TO-DATE
> Task :app:extractProguardFiles UP-TO-DATE
> Task :messaging:generateReleaseAssets UP-TO-DATE
> Task :model:generateReleaseAssets UP-TO-DATE
> Task :meshControl:mergeReleaseAssets UP-TO-DATE
> Task :packetProcessor:generateReleaseAssets UP-TO-DATE
> Task :routing:generateReleaseAssets UP-TO-DATE
> Task :model:mergeReleaseAssets UP-TO-DATE
> Task :transport:generateReleaseAssets UP-TO-DATE
> Task :messaging:mergeReleaseAssets UP-TO-DATE
> Task :packetProcessor:mergeReleaseAssets UP-TO-DATE
> Task :routing:mergeReleaseAssets UP-TO-DATE
> Task :ui:generateReleaseAssets UP-TO-DATE
> Task :app:mergeReleaseStartupProfile UP-TO-DATE
> Task :transport:mapReleaseSourceSetPaths UP-TO-DATE
> Task :transport:mergeReleaseAssets UP-TO-DATE
> Task :app:extractReleaseVersionControlInfo UP-TO-DATE
> Task :transport:compileReleaseLibraryResources UP-TO-DATE
> Task :meshControl:extractProguardFiles UP-TO-DATE
> Task :ui:mergeReleaseAssets UP-TO-DATE
> Task :model:prepareLintJarForPublish UP-TO-DATE
> Task :routing:extractProguardFiles UP-TO-DATE
> Task :packetProcessor:extractProguardFiles UP-TO-DATE
> Task :packetProcessor:prepareLintJarForPublish UP-TO-DATE
> Task :app:mergeReleaseAssets UP-TO-DATE
> Task :model:extractProguardFiles UP-TO-DATE
> Task :meshControl:prepareLintJarForPublish UP-TO-DATE
> Task :app:compressReleaseAssets UP-TO-DATE
> Task :transport:prepareLintJarForPublish UP-TO-DATE
> Task :routing:prepareLintJarForPublish UP-TO-DATE
> Task :messaging:prepareLintJarForPublish UP-TO-DATE
> Task :transport:extractProguardFiles UP-TO-DATE
> Task :messaging:extractProguardFiles UP-TO-DATE
> Task :ui:prepareLintJarForPublish UP-TO-DATE
> Task :ui:stripReleaseDebugSymbols NO-SOURCE
> Task :ui:extractDeepLinksForAarRelease UP-TO-DATE
> Task :ui:checkReleaseAarMetadata UP-TO-DATE
> Task :messaging:stripReleaseDebugSymbols NO-SOURCE
> Task :ui:extractProguardFiles UP-TO-DATE
> Task :messaging:extractDeepLinksForAarRelease UP-TO-DATE
> Task :ui:copyReleaseJniLibsProjectAndLocalJars UP-TO-DATE
> Task :transport:compileDebugKotlin UP-TO-DATE
> Task :messaging:copyReleaseJniLibsProjectAndLocalJars UP-TO-DATE
> Task :meshControl:stripReleaseDebugSymbols NO-SOURCE
> Task :transport:processDebugJavaRes UP-TO-DATE
> Task :meshControl:copyReleaseJniLibsProjectAndLocalJars UP-TO-DATE
> Task :routing:stripReleaseDebugSymbols NO-SOURCE
> Task :routing:copyReleaseJniLibsProjectAndLocalJars UP-TO-DATE
> Task :transport:compileDebugJavaWithJavac NO-SOURCE
> Task :routing:extractDeepLinksForAarRelease UP-TO-DATE
> Task :meshControl:extractDeepLinksForAarRelease UP-TO-DATE
> Task :app:mergeDebugNativeLibs UP-TO-DATE
> Task :app:mergeReleaseNativeLibs UP-TO-DATE
> Task :transport:bundleLibCompileToJarDebug UP-TO-DATE
> Task :model:processReleaseJavaRes
> Task :app:stripDebugDebugSymbols UP-TO-DATE
> Task :app:stripReleaseDebugSymbols UP-TO-DATE
> Task :transport:stripReleaseDebugSymbols NO-SOURCE
> Task :app:extractReleaseNativeSymbolTables UP-TO-DATE
> Task :transport:bundleLibRuntimeToDirDebug UP-TO-DATE
> Task :app:mergeReleaseNativeDebugMetadata NO-SOURCE
> Task :transport:extractDeepLinksForAarRelease UP-TO-DATE
> Task :transport:copyReleaseJniLibsProjectAndLocalJars UP-TO-DATE
> Task :packetProcessor:stripReleaseDebugSymbols NO-SOURCE
> Task :packetProcessor:copyReleaseJniLibsProjectAndLocalJars UP-TO-DATE
> Task :app:checkReleaseDuplicateClasses UP-TO-DATE
> Task :app:checkDebugDuplicateClasses UP-TO-DATE
> Task :packetProcessor:extractDeepLinksForAarRelease UP-TO-DATE
> Task :model:stripReleaseDebugSymbols NO-SOURCE
> Task :model:copyReleaseJniLibsProjectAndLocalJars UP-TO-DATE
> Task :model:extractDeepLinksForAarRelease UP-TO-DATE
> Task :messaging:checkReleaseAarMetadata UP-TO-DATE
> Task :transport:checkReleaseAarMetadata UP-TO-DATE
> Task :routing:checkReleaseAarMetadata UP-TO-DATE
> Task :packetProcessor:checkReleaseAarMetadata UP-TO-DATE
> Task :meshControl:checkReleaseAarMetadata UP-TO-DATE
> Task :routing:writeReleaseLintModelMetadata UP-TO-DATE
> Task :packetProcessor:writeReleaseLintModelMetadata UP-TO-DATE
> Task :model:writeReleaseLintModelMetadata UP-TO-DATE
> Task :transport:writeReleaseLintModelMetadata UP-TO-DATE
> Task :messaging:writeReleaseLintModelMetadata UP-TO-DATE
> Task :meshControl:writeReleaseLintModelMetadata UP-TO-DATE
> Task :routing:compileDebugKotlin UP-TO-DATE
> Task :model:checkReleaseAarMetadata UP-TO-DATE
> Task :ui:writeReleaseLintModelMetadata UP-TO-DATE
> Task :routing:processDebugJavaRes UP-TO-DATE
> Task :app:writeReleaseAppMetadata UP-TO-DATE
> Task :routing:compileDebugJavaWithJavac NO-SOURCE
> Task :app:writeReleaseSigningConfigVersions UP-TO-DATE
> Task :routing:bundleLibCompileToJarDebug UP-TO-DATE
> Task :routing:bundleLibRuntimeToDirDebug UP-TO-DATE
> Task :app:collectReleaseDependencies UP-TO-DATE
> Task :app:sdkReleaseDependencyData UP-TO-DATE
> Task :model:mergeReleaseConsumerProguardFiles
> Task :ui:checkDebugAarMetadata UP-TO-DATE
> Task :ui:stripDebugDebugSymbols NO-SOURCE
> Task :ui:copyDebugJniLibsProjectAndLocalJars UP-TO-DATE
> Task :ui:extractDeepLinksForAarDebug UP-TO-DATE
> Task :ui:prepareDebugArtProfile UP-TO-DATE
> Task :messaging:checkDebugAarMetadata UP-TO-DATE
> Task :messaging:stripDebugDebugSymbols NO-SOURCE
> Task :messaging:extractDeepLinksForAarDebug UP-TO-DATE
> Task :model:extractReleaseAnnotations UP-TO-DATE
> Task :messaging:copyDebugJniLibsProjectAndLocalJars UP-TO-DATE
> Task :app:processReleaseMainManifest UP-TO-DATE
> Task :app:processDebugMainManifest UP-TO-DATE
> Task :messaging:prepareDebugArtProfile UP-TO-DATE
> Task :meshControl:stripDebugDebugSymbols NO-SOURCE
> Task :meshControl:checkDebugAarMetadata UP-TO-DATE
> Task :app:processDebugManifest UP-TO-DATE
> Task :app:processReleaseManifest UP-TO-DATE
> Task :meshControl:extractDeepLinksForAarDebug UP-TO-DATE
> Task :meshControl:copyDebugJniLibsProjectAndLocalJars UP-TO-DATE
> Task :app:processReleaseManifestForPackage UP-TO-DATE
> Task :meshControl:prepareDebugArtProfile UP-TO-DATE
> Task :transport:stripDebugDebugSymbols NO-SOURCE
> Task :app:processDebugManifestForPackage UP-TO-DATE
> Task :transport:checkDebugAarMetadata UP-TO-DATE
> Task :transport:copyDebugJniLibsProjectAndLocalJars UP-TO-DATE
> Task :transport:extractDeepLinksForAarDebug UP-TO-DATE
> Task :packetProcessor:extractReleaseAnnotations
> Task :transport:extractDebugAnnotations UP-TO-DATE
> Task :meshControl:extractDebugAnnotations
> Task :transport:mergeDebugGeneratedProguardFiles UP-TO-DATE
> Task :model:checkDebugAarMetadata UP-TO-DATE
> Task :transport:mergeDebugJavaResource UP-TO-DATE
> Task :transport:mergeDebugConsumerProguardFiles UP-TO-DATE
> Task :model:stripDebugDebugSymbols NO-SOURCE
> Task :transport:syncDebugLibJars UP-TO-DATE
> Task :model:bundleLibRuntimeToJarRelease
> Task :model:copyDebugJniLibsProjectAndLocalJars UP-TO-DATE
> Task :model:extractDeepLinksForAarDebug UP-TO-DATE
> Task :model:mergeDebugGeneratedProguardFiles UP-TO-DATE
> Task :model:extractDebugAnnotations UP-TO-DATE
> Task :transport:prepareDebugArtProfile UP-TO-DATE
> Task :model:mergeDebugConsumerProguardFiles UP-TO-DATE
> Task :model:prepareDebugArtProfile UP-TO-DATE
> Task :model:mergeDebugJavaResource UP-TO-DATE
> Task :routing:stripDebugDebugSymbols NO-SOURCE
> Task :routing:checkDebugAarMetadata UP-TO-DATE
> Task :routing:copyDebugJniLibsProjectAndLocalJars UP-TO-DATE
> Task :model:syncDebugLibJars UP-TO-DATE
> Task :transport:bundleDebugLocalLintAar UP-TO-DATE
> Task :model:bundleDebugLocalLintAar UP-TO-DATE
> Task :routing:extractDeepLinksForAarDebug UP-TO-DATE
> Task :routing:extractDebugAnnotations UP-TO-DATE
> Task :model:createFullJarRelease
> Task :ui:extractDebugAnnotations UP-TO-DATE
> Task :app:preDebugAndroidTestBuild SKIPPED
> Task :meshControl:writeDebugLintModelMetadata UP-TO-DATE
> Task :routing:prepareDebugArtProfile UP-TO-DATE
> Task :routing:mergeDebugGeneratedProguardFiles
> Task :messaging:writeDebugLintModelMetadata UP-TO-DATE
> Task :model:bundleLibRuntimeToJarDebug UP-TO-DATE
> Task :model:writeDebugLintModelMetadata UP-TO-DATE
> Task :routing:writeDebugLintModelMetadata UP-TO-DATE
> Task :transport:bundleLibRuntimeToJarDebug UP-TO-DATE
> Task :model:createFullJarDebug UP-TO-DATE
> Task :transport:writeDebugLintModelMetadata UP-TO-DATE
> Task :ui:writeDebugLintModelMetadata UP-TO-DATE
> Task :transport:createFullJarDebug UP-TO-DATE
> Task :packetProcessor:bundleLibRuntimeToJarDebug UP-TO-DATE
> Task :packetProcessor:checkDebugAarMetadata UP-TO-DATE
> Task :packetProcessor:createFullJarDebug UP-TO-DATE
> Task :packetProcessor:stripDebugDebugSymbols NO-SOURCE
> Task :routing:mergeDebugConsumerProguardFiles
> Task :packetProcessor:extractDeepLinksForAarDebug UP-TO-DATE
> Task :packetProcessor:copyDebugJniLibsProjectAndLocalJars UP-TO-DATE
> Task :packetProcessor:prepareDebugArtProfile UP-TO-DATE
> Task :model:generateDebugLintModel UP-TO-DATE
> Task :packetProcessor:mergeDebugGeneratedProguardFiles UP-TO-DATE
> Task :packetProcessor:extractDebugAnnotations UP-TO-DATE
> Task :packetProcessor:mergeDebugJavaResource UP-TO-DATE
> Task :app:preDebugUnitTestBuild UP-TO-DATE
> Task :packetProcessor:mergeDebugConsumerProguardFiles UP-TO-DATE
> Task :packetProcessor:writeDebugLintModelMetadata UP-TO-DATE
> Task :packetProcessor:syncDebugLibJars UP-TO-DATE
> Task :meshControl:preDebugAndroidTestBuild UP-TO-DATE
> Task :meshControl:preDebugUnitTestBuild UP-TO-DATE
> Task :messaging:preDebugAndroidTestBuild UP-TO-DATE
> Task :messaging:preDebugUnitTestBuild UP-TO-DATE
> Task :packetProcessor:bundleDebugLocalLintAar UP-TO-DATE
> Task :model:preDebugUnitTestBuild UP-TO-DATE
> Task :model:preDebugAndroidTestBuild UP-TO-DATE
> Task :model:generateDebugUnitTestLintModel UP-TO-DATE
> Task :packetProcessor:generateDebugLintModel UP-TO-DATE
> Task :ui:compileDebugKotlin UP-TO-DATE
> Task :model:generateDebugAndroidTestLintModel UP-TO-DATE
> Task :ui:compileDebugJavaWithJavac NO-SOURCE
> Task :ui:bundleLibCompileToJarDebug UP-TO-DATE
> Task :ui:processDebugJavaRes UP-TO-DATE
> Task :ui:mergeDebugGeneratedProguardFiles UP-TO-DATE
> Task :model:generateReleaseLintVitalModel
> Task :model:generateReleaseLintModel
> Task :ui:bundleLibRuntimeToDirDebug UP-TO-DATE
> Task :ui:bundleLibRuntimeToJarDebug UP-TO-DATE
> Task :ui:mergeDebugJavaResource UP-TO-DATE
> Task :ui:createFullJarDebug UP-TO-DATE
> Task :packetProcessor:preDebugAndroidTestBuild UP-TO-DATE
> Task :ui:syncDebugLibJars UP-TO-DATE
> Task :packetProcessor:preDebugUnitTestBuild UP-TO-DATE
> Task :ui:mergeDebugConsumerProguardFiles UP-TO-DATE
> Task :routing:bundleLibRuntimeToJarDebug
> Task :transport:generateDebugLintModel UP-TO-DATE
> Task :ui:bundleDebugLocalLintAar UP-TO-DATE
> Task :packetProcessor:generateDebugAndroidTestLintModel UP-TO-DATE
> Task :routing:preDebugAndroidTestBuild UP-TO-DATE
> Task :routing:preDebugUnitTestBuild UP-TO-DATE
> Task :transport:preDebugAndroidTestBuild UP-TO-DATE
> Task :routing:createFullJarDebug
> Task :transport:preDebugUnitTestBuild UP-TO-DATE
> Task :ui:preDebugAndroidTestBuild UP-TO-DATE
> Task :packetProcessor:generateDebugUnitTestLintModel UP-TO-DATE
> Task :ui:preDebugUnitTestBuild UP-TO-DATE
> Task :transport:generateDebugAndroidTestLintModel UP-TO-DATE
> Task :transport:generateDebugUnitTestLintModel UP-TO-DATE
> Task :routing:mergeDebugJavaResource
> Task :model:mergeReleaseJavaResource
> Task :app:javaPreCompileDebugUnitTest UP-TO-DATE
> Task :model:syncReleaseLibJars
> Task :routing:syncDebugLibJars
> Task :routing:generateDebugLintModel
> Task :meshControl:javaPreCompileDebugUnitTest UP-TO-DATE
> Task :model:bundleReleaseLocalLintAar
> Task :routing:bundleDebugLocalLintAar
> Task :meshControl:generateDebugUnitTestStubRFile UP-TO-DATE
> Task :messaging:generateDebugUnitTestStubRFile UP-TO-DATE
> Task :messaging:javaPreCompileDebugUnitTest UP-TO-DATE
> Task :model:bundleDebugAar UP-TO-DATE
> Task :model:assembleDebug UP-TO-DATE
> Task :routing:generateDebugAndroidTestLintModel
> Task :routing:generateDebugUnitTestLintModel
> Task :model:generateDebugLintReportModel UP-TO-DATE
> Task :model:bundleReleaseAar
> Task :model:javaPreCompileDebugUnitTest UP-TO-DATE
> Task :model:generateDebugUnitTestStubRFile UP-TO-DATE
> Task :packetProcessor:bundleDebugAar UP-TO-DATE
> Task :packetProcessor:assembleDebug UP-TO-DATE
> Task :model:compileDebugUnitTestKotlin UP-TO-DATE
> Task :model:compileDebugUnitTestJavaWithJavac NO-SOURCE
> Task :model:processDebugUnitTestJavaRes UP-TO-DATE
> Task :ui:generateDebugLintModel
> Task :packetProcessor:generateDebugLintReportModel UP-TO-DATE
> Task :ui:generateDebugAndroidTestLintModel
> Task :ui:generateDebugUnitTestLintModel
> Task :packetProcessor:javaPreCompileDebugUnitTest UP-TO-DATE
> Task :routing:bundleDebugAar
> Task :routing:assembleDebug
> Task :packetProcessor:generateDebugUnitTestStubRFile UP-TO-DATE
> Task :routing:generateDebugLintReportModel
> Task :packetProcessor:compileDebugUnitTestKotlin UP-TO-DATE
> Task :packetProcessor:compileDebugUnitTestJavaWithJavac NO-SOURCE
> Task :packetProcessor:processDebugUnitTestJavaRes UP-TO-DATE
> Task :app:processDebugResources UP-TO-DATE
> Task :routing:javaPreCompileDebugUnitTest
> Task :security:preBuild UP-TO-DATE
> Task :security:preDebugBuild UP-TO-DATE
> Task :security:checkDebugAarMetadata
> Task :security:mergeDebugJniLibFolders
> Task :security:mergeDebugNativeLibs NO-SOURCE
> Task :security:stripDebugDebugSymbols NO-SOURCE
> Task :security:copyDebugJniLibsProjectAndLocalJars
> Task :security:generateDebugResources
> Task :routing:generateDebugUnitTestStubRFile
> Task :security:packageDebugResources
> Task :security:processDebugNavigationResources
> Task :security:parseDebugLocalResources
> Task :security:generateDebugRFile
> Task :security:extractDebugAnnotations
> Task :security:extractDeepLinksForAarDebug
> Task :security:generateDebugAssets UP-TO-DATE
> Task :security:mergeDebugAssets
> Task :security:compileDebugKotlin NO-SOURCE
> Task :security:javaPreCompileDebug
> Task :security:compileDebugJavaWithJavac NO-SOURCE
> Task :security:mergeDebugGeneratedProguardFiles
> Task :security:mergeDebugConsumerProguardFiles
> Task :security:prepareDebugArtProfile
> Task :security:prepareLintJarForPublish
> Task :security:processDebugManifest
> Task :security:processDebugJavaRes NO-SOURCE
> Task :security:mergeDebugJavaResource
> Task :security:syncDebugLibJars
> Task :security:writeDebugAarMetadata
> Task :security:bundleDebugAar
> Task :security:assembleDebug
> Task :security:preReleaseBuild UP-TO-DATE
> Task :security:checkReleaseAarMetadata
> Task :security:mergeReleaseJniLibFolders
> Task :security:mergeReleaseNativeLibs NO-SOURCE
> Task :security:stripReleaseDebugSymbols NO-SOURCE
> Task :security:copyReleaseJniLibsProjectAndLocalJars
> Task :security:extractDeepLinksForAarRelease
> Task :security:generateReleaseResources
> Task :security:packageReleaseResources
> Task :security:processReleaseNavigationResources
> Task :security:parseReleaseLocalResources
> Task :security:generateReleaseRFile
> Task :security:extractReleaseAnnotations
> Task :security:generateReleaseAssets UP-TO-DATE
> Task :security:mergeReleaseAssets
> Task :security:compileReleaseKotlin NO-SOURCE
> Task :security:javaPreCompileRelease
> Task :security:compileReleaseJavaWithJavac NO-SOURCE
> Task :security:mergeReleaseGeneratedProguardFiles
> Task :security:mergeReleaseConsumerProguardFiles
> Task :security:prepareReleaseArtProfile
> Task :security:processReleaseManifest
> Task :security:processReleaseJavaRes NO-SOURCE
> Task :security:mergeReleaseJavaResource
> Task :security:syncReleaseLibJars
> Task :security:writeReleaseAarMetadata
> Task :security:bundleReleaseAar
> Task :security:mapReleaseSourceSetPaths
> Task :packetProcessor:testDebugUnitTest
> Task :packetProcessor:test
> Task :model:testDebugUnitTest
> Task :model:test
> Task :security:bundleLibRuntimeToJarDebug
> Task :security:bundleDebugLocalLintAar
> Task :security:createFullJarDebug
> Task :security:preDebugAndroidTestBuild UP-TO-DATE
> Task :security:writeDebugLintModelMetadata
> Task :security:extractProguardFiles
> Task :security:generateDebugLintReportModel
> Task :security:preDebugUnitTestBuild UP-TO-DATE
> Task :security:generateDebugAndroidTestLintModel
> Task :security:bundleLibCompileToJarDebug
> Task :security:generateDebugUnitTestLintModel
> Task :security:javaPreCompileDebugUnitTest
> Task :transport:bundleDebugAar
> Task :transport:assembleDebug
> Task :security:generateDebugUnitTestStubRFile
> Task :app:processReleaseResources
> Task :transport:generateDebugLintReportModel
> Task :transport:generateDebugUnitTestStubRFile
> Task :model:lintAnalyzeDebugAndroidTest
> Task :model:mergeReleaseResources
> Task :meshControl:mergeReleaseResources
> Task :packetProcessor:mergeReleaseResources
> Task :packetProcessor:compileReleaseKotlin
> Task :app:mergeExtDexDebug
> Task :model:lintVitalAnalyzeRelease
> Task :meshControl:compileDebugKotlin
> Task :model:lintAnalyzeDebug
> Task :messaging:mergeReleaseResources
> Task :routing:mergeReleaseResources
> Task :routing:compileDebugUnitTestKotlin
> Task :security:mergeReleaseResources
> Task :transport:compileDebugUnitTestKotlin
> Task :transport:javaPreCompileDebugUnitTest
> Task :transport:compileDebugUnitTestJavaWithJavac NO-SOURCE
> Task :routing:compileDebugUnitTestJavaWithJavac NO-SOURCE
> Task :security:compileDebugUnitTestKotlin
> Task :security:compileDebugUnitTestJavaWithJavac NO-SOURCE
> Task :transport:processDebugUnitTestJavaRes
> Task :transport:mergeReleaseResources
> Task :routing:processDebugUnitTestJavaRes
> Task :security:processDebugUnitTestJavaRes
> Task :transport:testDebugUnitTest
> Task :transport:test
> Task :routing:testDebugUnitTest
> Task :routing:test
> Task :model:lintAnalyzeDebugUnitTest
> Task :security:testDebugUnitTest
> Task :security:test
> Task :ui:bundleDebugAar
> Task :ui:assembleDebug
> Task :ui:generateDebugLintReportModel
> Task :model:verifyReleaseResources
> Task :meshControl:verifyReleaseResources
> Task :packetProcessor:verifyReleaseResources
> Task :ui:generateDebugUnitTestStubRFile
> Task :packetProcessor:compileReleaseJavaWithJavac NO-SOURCE
> Task :packetProcessor:mergeReleaseGeneratedProguardFiles
> Task :ui:javaPreCompileDebugUnitTest
> Task :packetProcessor:processReleaseJavaRes
> Task :packetProcessor:lintAnalyzeDebugAndroidTest
> Task :packetProcessor:mergeReleaseConsumerProguardFiles
> Task :packetProcessor:generateReleaseLintModel
> Task :packetProcessor:bundleLibRuntimeToJarRelease
> Task :packetProcessor:bundleLibCompileToJarRelease
> Task :packetProcessor:mergeReleaseJavaResource
> Task :packetProcessor:createFullJarRelease
> Task :transport:extractReleaseAnnotations
> Task :packetProcessor:exportReleaseConsumerProguardFiles
> Task :packetProcessor:syncReleaseLibJars
> Task :packetProcessor:bundleReleaseLocalLintAar
> Task :packetProcessor:generateReleaseLintVitalModel
> Task :packetProcessor:bundleReleaseAar
> Task :meshControl:compileDebugJavaWithJavac NO-SOURCE
> Task :meshControl:processDebugJavaRes
> Task :meshControl:mergeDebugGeneratedProguardFiles
> Task :meshControl:mergeDebugConsumerProguardFiles
> Task :packetProcessor:lintAnalyzeDebugUnitTest
> Task :meshControl:bundleLibCompileToJarDebug
> Task :meshControl:mergeDebugJavaResource
> Task :meshControl:bundleLibRuntimeToJarDebug
> Task :meshControl:syncDebugLibJars
> Task :messaging:extractDebugAnnotations
> Task :meshControl:bundleDebugLocalLintAar
> Task :meshControl:createFullJarDebug
> Task :meshControl:bundleLibRuntimeToDirDebug
> Task :packetProcessor:lintVitalAnalyzeRelease
> Task :meshControl:generateDebugLintModel
> Task :meshControl:generateDebugAndroidTestLintModel
> Task :meshControl:generateDebugUnitTestLintModel
> Task :meshControl:bundleDebugAar
> Task :meshControl:assembleDebug
> Task :meshControl:generateDebugLintReportModel
> Task :meshControl:lintAnalyzeDebugAndroidTest
> Task :meshControl:lintAnalyzeDebugUnitTest
> Task :ui:compileDebugUnitTestKotlin
> Task :meshControl:compileDebugUnitTestKotlin
> Task :meshControl:compileDebugUnitTestJavaWithJavac NO-SOURCE
> Task :meshControl:processDebugUnitTestJavaRes
> Task :routing:lintAnalyzeDebugAndroidTest
> Task :routing:lintAnalyzeDebugUnitTest
> Task :ui:compileDebugUnitTestJavaWithJavac NO-SOURCE
> Task :ui:processDebugUnitTestJavaRes
> Task :transport:lintAnalyzeDebugAndroidTest
> Task :transport:lintAnalyzeDebugUnitTest
> Task :transport:compileReleaseKotlin
> Task :transport:compileReleaseJavaWithJavac NO-SOURCE
> Task :messaging:compileDebugKotlin
> Task :messaging:compileDebugJavaWithJavac NO-SOURCE
> Task :transport:processReleaseJavaRes
> Task :transport:bundleLibCompileToJarRelease
> Task :messaging:bundleLibCompileToJarDebug
> Task :messaging:processDebugJavaRes
> Task :messaging:bundleLibRuntimeToDirDebug
> Task :transport:mergeReleaseGeneratedProguardFiles
> Task :transport:exportReleaseConsumerProguardFiles
> Task :transport:bundleLibRuntimeToJarRelease
> Task :transport:createFullJarRelease
> Task :meshControl:testDebugUnitTest
> Task :ui:extractReleaseAnnotations
> Task :routing:extractReleaseAnnotations
> Task :transport:mergeReleaseConsumerProguardFiles
> Task :transport:mergeReleaseJavaResource
> Task :transport:syncReleaseLibJars
> Task :transport:bundleReleaseLocalLintAar
> Task :transport:generateReleaseLintVitalModel
> Task :messaging:mergeDebugGeneratedProguardFiles
> Task :messaging:mergeDebugConsumerProguardFiles
> Task :messaging:mergeDebugJavaResource
> Task :messaging:syncDebugLibJars
> Task :messaging:bundleDebugLocalLintAar
> Task :ui:lintAnalyzeDebugAndroidTest
> Task :messaging:bundleLibRuntimeToJarDebug
> Task :messaging:createFullJarDebug
> Task :transport:verifyReleaseResources
> Task :messaging:generateDebugLintModel
> Task :messaging:generateDebugAndroidTestLintModel
> Task :meshControl:test
> Task :messaging:bundleDebugAar
> Task :messaging:assembleDebug
> Task :messaging:generateDebugUnitTestLintModel
> Task :messaging:generateDebugLintReportModel
> Task :packetProcessor:assembleRelease
> Task :packetProcessor:assemble
> Task :transport:bundleReleaseAar
> Task :transport:assembleRelease
> Task :transport:assemble

> Task :app:compileDebugKotlin
.\gradlew : e: file:///C:/Users/PRAMISH/AndroidStudioProjects/MeshApp/app/src/m
ain/java/com/minor/meshapp/security/PassthroughSecurityCodec.kt:10:18 
Unresolved reference 'packetprocessor'.
At line:1 char:118
+ ... roidStudioProjects\MeshApp"; .\gradlew build --no-daemon 2>&1 | Tee-O ...
+                                  ~~~~~~~~~~~~~~~~~~~~~~~~~~~~~~~~
    + CategoryInfo          : NotSpecified: (e: file:///C:/U...cketprocessor'. 
   :String) [], RemoteException
    + FullyQualifiedErrorId : NativeCommandError
 
e: file:///C:/Users/PRAMISH/AndroidStudioProjects/MeshApp/app/src/main/java/com
/minor/meshapp/security/PassthroughSecurityCodec.kt:36:22 Unresolved reference 
'PayloadParser'.
e: file:///C:/Users/PRAMISH/AndroidStudioProjects/MeshApp/app/src/main/java/com
/minor/meshapp/security/PassthroughSecurityCodec.kt:37:23 'when' expression 
must be exhaustive. Add an 'else' branch.
e: file:///C:/Users/PRAMISH/AndroidStudioProjects/MeshApp/app/src/main/java/com
/minor/meshapp/security/PassthroughSecurityCodec.kt:38:16 One type argument 
expected. Use class 'Success' if you do not intend to pass type arguments.

> Task :app:compileDebugKotlin FAILED
> Task :ui:mergeReleaseResources
> Task :app:mergeLibDexDebug
> Task :transport:generateReleaseLintModel
> Task :messaging:compileDebugUnitTestKotlin
> Task :routing:compileReleaseKotlin
> Task :ui:lintAnalyzeDebugUnitTest
> Task :ui:testDebugUnitTest
> Task :messaging:verifyReleaseResources
> Task :transport:lintVitalAnalyzeRelease
> Task :routing:verifyReleaseResources
> Task :security:verifyReleaseResources
> Task :ui:compileReleaseKotlin
> Task :packetProcessor:lintAnalyzeDebug

FAILURE: Build failed with an exception.

* What went wrong:
Execution failed for task ':app:compileDebugKotlin' (registered by plugin 
'com.android.internal.application').
> A failure occurred while executing org.jetbrains.kotlin.compilerRunner.Gradle
CompilerRunnerWithWorkers$GradleKotlinCompilerWorkAction
   > Compilation error. See log for more details

* Try:
> Run with --stacktrace option to get the stack trace.
> Run with --info or --debug option to get more log output.
> Run with --scan to get full insights from a Build Scan (powered by 
Develocity).
> Get more help at https://help.gradle.org.

BUILD FAILED in 1m 21s
631 actionable tasks: 210 executed, 421 up-to-date
Configuration cache entry reused.
